// Jest Snapshot v1, https://goo.gl/fbAQLP

exports[`ScrollUpButton component should mount 1`] = `
<div>
  <div
    class="sc-bdvvtL fpjVLv"
    data-testid="ScrollUpButtonContainer"
  >
    <svg>
      scrollUp.svg
    </svg>
  </div>
</div>
`;
