// Jest Snapshot v1, https://goo.gl/fbAQLP

exports[`Home Page should render HomePage component 1`] = `
<styled.div>
  <Connect(Directory) />
</styled.div>
`;
