// Jest Snapshot v1, https://goo.gl/fbAQLP

exports[`should mount 1`] = `
<div>
  <div
    class="sc-jRQBWg kRidlN"
  />
</div>
`;
