// Jest Snapshot v1, https://goo.gl/fbAQLP

exports[`CustomButton component should mount 1`] = `
<div>
  <button
    class="sc-bdvvtL fNaNEb"
  />
</div>
`;
